// Jest Snapshot v1, https://goo.gl/fbAQLP

exports[`Testing Settings Screen renders correctly 1`] = `
<RCTSafeAreaView
  emulateUnlessSupported={true}
  style={
    Object {
      "flex": 1,
    }
  }
>
  <RCTScrollView>
    <View>
      <View
        style={
          Object {
            "height": 10,
          }
        }
      />
      <View
        style={
          Object {
            "backgroundColor": "white",
            "borderColor": "lightgrey",
            "borderWidth": 0.4,
            "marginBottom": 25,
            "paddingLeft": 10,
          }
        }
      >
        <View
          accessible={true}
          focusable={true}
          isTVSelectable={true}
          onClick={[Function]}
          onResponderGrant={[Function]}
          onResponderMove={[Function]}
          onResponderRelease={[Function]}
          onResponderTerminate={[Function]}
          onResponderTerminationRequest={[Function]}
          onStartShouldSetResponder={[Function]}
          style={
            Object {
              "alignItems": "center",
              "backgroundColor": "#fff",
              "borderBottomColor": "lightgrey",
              "borderBottomWidth": 0.4,
              "flexDirection": "row",
              "height": 50,
              "justifyContent": "space-between",
              "opacity": 1,
              "paddingRight": 10,
            }
          }
        >
          <View>
            <Text
              style={
                Array [
                  Object {
                    "color": "rgb(100, 100, 100)",
                    "fontSize": 16,
                  },
                  Object {
                    "color": "#333",
                  },
                ]
              }
            >
              Work Interval
            </Text>
          </View>
          <View>
            <Text
              style={
                Array [
                  Object {
                    "color": "rgb(100, 100, 100)",
                    "fontSize": 16,
                  },
                  Object {
                    "color": "#aaa",
                  },
                ]
              }
            >
              25 minutes
            </Text>
          </View>
        </View>
        <View
          accessible={true}
          focusable={true}
          isTVSelectable={true}
          onClick={[Function]}
          onResponderGrant={[Function]}
          onResponderMove={[Function]}
          onResponderRelease={[Function]}
          onResponderTerminate={[Function]}
          onResponderTerminationRequest={[Function]}
          onStartShouldSetResponder={[Function]}
          style={
            Object {
              "alignItems": "center",
              "backgroundColor": "#fff",
              "borderBottomColor": "lightgrey",
              "borderBottomWidth": 0.4,
              "flexDirection": "row",
              "height": 50,
              "justifyContent": "space-between",
              "opacity": 1,
              "paddingRight": 10,
            }
          }
        >
          <View>
            <Text
              style={
                Array [
                  Object {
                    "color": "rgb(100, 100, 100)",
                    "fontSize": 16,
                  },
                  Object {
                    "color": "#333",
                  },
                ]
              }
            >
              Short Break
            </Text>
          </View>
          <View>
            <Text
              style={
                Array [
                  Object {
                    "color": "rgb(100, 100, 100)",
                    "fontSize": 16,
                  },
                  Object {
                    "color": "#aaa",
                  },
                ]
              }
            >
              5 minutes
            </Text>
          </View>
        </View>
        <View
          accessible={true}
          focusable={true}
          isTVSelectable={true}
          onClick={[Function]}
          onResponderGrant={[Function]}
          onResponderMove={[Function]}
          onResponderRelease={[Function]}
          onResponderTerminate={[Function]}
          onResponderTerminationRequest={[Function]}
          onStartShouldSetResponder={[Function]}
          style={
            Object {
              "alignItems": "center",
              "backgroundColor": "#fff",
              "borderBottomColor": "lightgrey",
              "borderBottomWidth": 0.4,
              "flexDirection": "row",
              "height": 50,
              "justifyContent": "space-between",
              "opacity": 1,
              "paddingRight": 10,
            }
          }
        >
          <View>
            <Text
              style={
                Array [
                  Object {
                    "color": "rgb(100, 100, 100)",
                    "fontSize": 16,
                  },
                  Object {
                    "color": "#333",
                  },
                ]
              }
            >
              Long Break
            </Text>
          </View>
          <View>
            <Text
              style={
                Array [
                  Object {
                    "color": "rgb(100, 100, 100)",
                    "fontSize": 16,
                  },
                  Object {
                    "color": "#aaa",
                  },
                ]
              }
            >
              15 minutes
            </Text>
          </View>
        </View>
        <View
          accessible={true}
          focusable={true}
          isTVSelectable={true}
          onClick={[Function]}
          onResponderGrant={[Function]}
          onResponderMove={[Function]}
          onResponderRelease={[Function]}
          onResponderTerminate={[Function]}
          onResponderTerminationRequest={[Function]}
          onStartShouldSetResponder={[Function]}
          style={
            Object {
              "alignItems": "center",
              "backgroundColor": "#fff",
              "borderBottomColor": "lightgrey",
              "borderBottomWidth": 0.4,
              "flexDirection": "row",
              "height": 50,
              "justifyContent": "space-between",
              "opacity": 1,
              "paddingRight": 10,
            }
          }
        >
          <View>
            <Text
              style={
                Array [
                  Object {
                    "color": "rgb(100, 100, 100)",
                    "fontSize": 16,
                  },
                  Object {
                    "color": "#333",
                  },
                ]
              }
            >
              Long Break After
            </Text>
          </View>
          <View>
            <Text
              style={
                Array [
                  Object {
                    "color": "rgb(100, 100, 100)",
                    "fontSize": 16,
                  },
                  Object {
                    "color": "#aaa",
                  },
                ]
              }
            >
              4 intervals
            </Text>
          </View>
        </View>
      </View>
      <View>
        <View
          style={
            Object {
              "marginLeft": 15,
              "marginVertical": 7,
            }
          }
        >
          <Text
            style={
              Object {
                "color": "grey",
                "fontSize": 13,
              }
            }
          >
            NOTIFICATIONS
          </Text>
        </View>
        <View
          style={
            Object {
              "backgroundColor": "white",
              "borderColor": "lightgrey",
              "borderWidth": 0.4,
              "marginBottom": 25,
              "paddingLeft": 10,
            }
          }
        >
          <View
            accessible={true}
            focusable={false}
            isTVSelectable={true}
            onClick={[Function]}
            onResponderGrant={[Function]}
            onResponderMove={[Function]}
            onResponderRelease={[Function]}
            onResponderTerminate={[Function]}
            onResponderTerminationRequest={[Function]}
            onStartShouldSetResponder={[Function]}
            style={
              Object {
                "alignItems": "center",
                "backgroundColor": "#fff",
                "borderBottomColor": "lightgrey",
                "borderBottomWidth": 0.4,
                "flexDirection": "row",
                "height": 50,
                "justifyContent": "space-between",
                "opacity": 1,
                "paddingRight": 10,
              }
            }
          >
            <View>
              <Text
                style={
                  Array [
                    Object {
                      "color": "rgb(100, 100, 100)",
                      "fontSize": 16,
                    },
                    Object {
                      "color": "#333",
                    },
                  ]
                }
              >
                End Break Sound
              </Text>
            </View>
            <View>
              <Text
                style={
                  Array [
                    Object {
                      "color": "rgb(100, 100, 100)",
                      "fontSize": 16,
                    },
                    Object {
                      "color": "#aaa",
                    },
                  ]
                }
              >
                Alarm Clock
              </Text>
            </View>
          </View>
          <View
            accessible={true}
            focusable={false}
            isTVSelectable={true}
            onClick={[Function]}
            onResponderGrant={[Function]}
            onResponderMove={[Function]}
            onResponderRelease={[Function]}
            onResponderTerminate={[Function]}
            onResponderTerminationRequest={[Function]}
            onStartShouldSetResponder={[Function]}
            style={
              Object {
                "alignItems": "center",
                "backgroundColor": "#fff",
                "borderBottomColor": "lightgrey",
                "borderBottomWidth": 0.4,
                "flexDirection": "row",
                "height": 50,
                "justifyContent": "space-between",
                "opacity": 1,
                "paddingRight": 10,
              }
            }
          >
            <View>
              <Text
                style={
                  Array [
                    Object {
                      "color": "rgb(100, 100, 100)",
                      "fontSize": 16,
                    },
                    Object {
                      "color": "#333",
                    },
                  ]
                }
              >
                Work Completion Sound
              </Text>
            </View>
            <View>
              <Text
                style={
                  Array [
                    Object {
                      "color": "rgb(100, 100, 100)",
                      "fontSize": 16,
                    },
                    Object {
                      "color": "#aaa",
                    },
                  ]
                }
              >
                Alarm Clock
              </Text>
            </View>
          </View>
        </View>
      </View>
    </View>
  </RCTScrollView>
  <View
    style={
      Object {
        "backgroundColor": "rgba(0,0,0,0.5)",
        "display": "none",
        "height": 1334,
        "opacity": 0,
        "position": "absolute",
        "width": 750,
      }
    }
  >
    <View
      style={
        Object {
          "backgroundColor": "#fff",
          "bottom": -667,
          "height": 667,
          "position": "absolute",
          "width": 750,
        }
      }
    >
      <View
        style={
          Object {
            "flexDirection": "row",
            "justifyContent": "space-between",
          }
        }
      >
        <View
          accessible={true}
          focusable={true}
          isTVSelectable={true}
          onClick={[Function]}
          onResponderGrant={[Function]}
          onResponderMove={[Function]}
          onResponderRelease={[Function]}
          onResponderTerminate={[Function]}
          onResponderTerminationRequest={[Function]}
          onStartShouldSetResponder={[Function]}
          style={
            Object {
              "marginHorizontal": 5,
              "opacity": 1,
              "padding": 10,
            }
          }
        >
          <Text
            style={
              Object {
                "color": "#007BBB",
                "fontSize": 18,
              }
            }
          >
            Cancel
          </Text>
        </View>
        <TextInput
          allowFontScaling={true}
          onChangeText={[Function]}
          rejectResponderTermination={true}
          selectionColor="#007BBB"
          style={
            Array [
              Object {
                "borderColor": "#007BBB",
                "borderRadius": 5,
                "borderWidth": 1,
                "marginRight": 20,
                "marginTop": 10,
                "textAlign": "center",
                "width": 50,
              },
              Object {
                "opacity": 0,
              },
            ]
          }
          underlineColorAndroid="transparent"
        />
        <View
          accessible={true}
          focusable={true}
          isTVSelectable={true}
          onClick={[Function]}
          onResponderGrant={[Function]}
          onResponderMove={[Function]}
          onResponderRelease={[Function]}
          onResponderTerminate={[Function]}
          onResponderTerminationRequest={[Function]}
          onStartShouldSetResponder={[Function]}
          style={
            Object {
              "marginHorizontal": 5,
              "opacity": 1,
              "padding": 10,
            }
          }
        >
          <Text
            style={
              Object {
                "color": "#007BBB",
                "fontSize": 18,
              }
            }
          >
            OK
          </Text>
        </View>
      </View>
      <View>
        <RCTPicker
          items={Array []}
          onChange={[Function]}
          onResponderTerminationRequest={[Function]}
          onStartShouldSetResponder={[Function]}
          selectedIndex={0}
          style={
            Array [
              Object {
                "height": 216,
              },
              undefined,
            ]
          }
        />
      </View>
    </View>
  </View>
</RCTSafeAreaView>
`;
